// Jest Snapshot v1, https://goo.gl/fbAQLP

exports[`Common -> Common Item common item ilk renderlandığında snapshot ile eşleşmeli 1`] = `
<View
  flex={1}
  pointerEvents="box-none"
  style={
    {
      "flex": 1,
      "flexDirection": "column",
    }
  }
>
  <View
    style={
      {
        "flex": undefined,
        "flexDirection": "column",
      }
    }
  >
    <View
      accessibilityState={
        {
          "busy": undefined,
          "checked": undefined,
          "disabled": undefined,
          "expanded": undefined,
          "selected": undefined,
        }
      }
      accessibilityValue={
        {
          "max": undefined,
          "min": undefined,
          "now": undefined,
          "text": undefined,
        }
      }
      accessible={true}
      animated={false}
      backgroundColor="grey-200"
      collapsable={false}
      focusable={true}
      onBlur={[Function]}
      onClick={[Function]}
      onFocus={[Function]}
      onResponderGrant={[Function]}
      onResponderMove={[Function]}
      onResponderRelease={[Function]}
      onResponderTerminate={[Function]}
      onResponderTerminationRequest={[Function]}
      onStartShouldSetResponder={[Function]}
      overflowHidden={true}
      paddingHorizontal={16}
      paddingVertical={16}
      style={
        {
          "backgroundColor": "grey-200",
          "flex": 1,
          "flexDirection": "column",
          "overflow": "hidden",
          "paddingHorizontal": 31,
          "paddingVertical": 31,
        }
      }
    >
      <View
        alignItemsCenter={true}
        flex={1}
        justifyContentCenter={true}
        style={
          {
            "alignItems": "center",
            "flex": 1,
            "flexDirection": "row",
            "justifyContent": "center",
          }
        }
      >
        <View
          flex={1}
          style={
            {
              "flex": 1,
              "flexDirection": "column",
            }
          }
        >
          <Text
            size="full"
            style={
              {
                "color": "grey-900",
                "fontFamily": "Markpro-Medium",
                "fontSize": 16,
                "fontWeight": 600,
                "textAlign": "auto",
                "width": "100%",
              }
            }
            testID="title-test-id"
          >
            TEST.WITH.PARAM
          </Text>
          <View
            height={16}
            style={
              {
                "flex": undefined,
                "flexDirection": "column",
                "height": 31,
                "maxHeight": 31,
              }
            }
          >
            <View
              backgroundColor="rgba(234, 239, 240, 1)"
              borderRadius={4}
              height={16}
              overflowHidden={true}
              style={
                {
                  "backgroundColor": "rgba(234, 239, 240, 1)",
                  "flex": undefined,
                  "flexDirection": "column",
                  "height": 31,
                  "maxHeight": 31,
                  "overflow": "hidden",
                  "width": 429,
                }
              }
              width={223}
            >
              <View
                collapsable={false}
                jestAnimatedProps={
                  {
                    "value": {},
                  }
                }
                jestAnimatedStyle={
                  {
                    "value": {
                      "bottom": 0,
                      "flexDirection": "row",
                      "left": 0,
                      "position": "absolute",
                      "right": 0,
                      "top": 0,
                      "transform": [
                        {
                          "translateX": -429,
                        },
                      ],
                    },
                  }
                }
                jestInlineStyle={{}}
                style={
                  [
                    {
                      "bottom": 0,
                      "flexDirection": "row",
                      "left": 0,
                      "position": "absolute",
                      "right": 0,
                      "top": 0,
                      "transform": [
                        {
                          "translateX": -429,
                        },
                      ],
                    },
                  ]
                }
              >
                <BVLinearGradient
                  colors={
                    [
                      4293586928,
                      4294967295,
                      4293586928,
                    ]
                  }
                  endPoint={
                    {
                      "x": 1,
                      "y": 0,
                    }
                  }
                  locations={null}
                  startPoint={
                    {
                      "x": 0,
                      "y": 0,
                    }
                  }
                  style={
                    {
                      "height": 31,
                      "width": 429,
                    }
                  }
                />
              </View>
            </View>
          </View>
        </View>
      </View>
    </View>
  </View>
  <View
    onLayout={[Function]}
    pointerEvents="box-none"
    style={
      [
        {
          "alignSelf": "center",
          "elevation": 999999,
          "flex": 0,
          "maxWidth": "100%",
          "position": "absolute",
          "zIndex": 999999,
        },
        {
          "flexDirection": "column-reverse",
          "justifyContent": "flex-start",
          "top": 30,
          "width": 750,
        },
      ]
    }
  >
    <View
      style={
        {
          "bottom": 0,
        }
      }
    >
      <RCTSafeAreaView />
    </View>
  </View>
  <View
    onLayout={[Function]}
    pointerEvents="box-none"
    style={
      [
        {
          "alignSelf": "center",
          "elevation": 999999,
          "flex": 0,
          "maxWidth": "100%",
          "position": "absolute",
          "zIndex": 999999,
        },
        {
          "bottom": 40,
          "flexDirection": "column",
          "justifyContent": "flex-end",
          "width": 750,
        },
      ]
    }
  >
    <View
      style={
        {
          "bottom": 0,
        }
      }
    >
      <RCTSafeAreaView />
    </View>
  </View>
</View>
`;
