// Jest Snapshot v1, https://goo.gl/fbAQLP

exports[`Common -> Common Item Container common item container ilk renderlandığında snapshot ile eşleşmeli 1`] = `
<View
  flex={1}
  pointerEvents="box-none"
  style={
    {
      "flex": 1,
      "flexDirection": "column",
    }
  }
>
  <View
    style={
      {
        "flex": undefined,
        "flexDirection": "column",
      }
    }
  >
    <Text
      style={
        {
          "color": "#111111",
          "fontFamily": "Markpro-Medium",
          "fontSize": 14,
          "fontWeight": undefined,
          "textAlign": "auto",
        }
      }
    >
      Test
    </Text>
  </View>
  <View
    onLayout={[Function]}
    pointerEvents="box-none"
    style={
      [
        {
          "alignSelf": "center",
          "elevation": 999999,
          "flex": 0,
          "maxWidth": "100%",
          "position": "absolute",
          "zIndex": 999999,
        },
        {
          "flexDirection": "column-reverse",
          "justifyContent": "flex-start",
          "top": 30,
          "width": 750,
        },
      ]
    }
  >
    <View
      style={
        {
          "bottom": 0,
        }
      }
    >
      <RCTSafeAreaView />
    </View>
  </View>
  <View
    onLayout={[Function]}
    pointerEvents="box-none"
    style={
      [
        {
          "alignSelf": "center",
          "elevation": 999999,
          "flex": 0,
          "maxWidth": "100%",
          "position": "absolute",
          "zIndex": 999999,
        },
        {
          "bottom": 40,
          "flexDirection": "column",
          "justifyContent": "flex-end",
          "width": 750,
        },
      ]
    }
  >
    <View
      style={
        {
          "bottom": 0,
        }
      }
    >
      <RCTSafeAreaView />
    </View>
  </View>
</View>
`;
