// Jest Snapshot v1, https://goo.gl/fbAQLP

exports[`ButtonGroup -> Custom Component buton grubunun snapshotı ile eşleşmeli 1`] = `
<View
  flex={1}
  pointerEvents="box-none"
  style={
    {
      "flex": 1,
      "flexDirection": "column",
    }
  }
>
  <View
    borderTopColor="rgba(234, 239, 240, 0.15)"
    borderTopWidth={1}
    flexShrink={1}
    paddingBottom={24}
    paddingTop={24}
    shadowColor="rgba(6, 14, 16, 0.30)"
    shadowOffset={
      {
        "height": -8,
        "width": 0,
      }
    }
    shadowOpacity={1}
    shadowRadius={35}
    style={
      {
        "flex": undefined,
        "flexDirection": "column",
        "flexShrink": 1,
        "paddingBottom": 46,
        "paddingHorizontal": 46,
        "paddingTop": 46,
      }
    }
  >
    <View
      style={
        {
          "flex": undefined,
          "flexDirection": "column",
          "gap": 16,
        }
      }
    >
      <View
        accessibilityState={
          {
            "busy": undefined,
            "checked": undefined,
            "disabled": undefined,
            "expanded": undefined,
            "selected": undefined,
          }
        }
        accessibilityValue={
          {
            "max": undefined,
            "min": undefined,
            "now": undefined,
            "text": undefined,
          }
        }
        accessible={true}
        collapsable={false}
        focusable={false}
        onClick={[Function]}
        onResponderGrant={[Function]}
        onResponderMove={[Function]}
        onResponderRelease={[Function]}
        onResponderTerminate={[Function]}
        onResponderTerminationRequest={[Function]}
        onStartShouldSetResponder={[Function]}
        style={
          {
            "alignItems": "center",
            "backgroundColor": "rgba(0, 169, 206, 1)",
            "borderColor": "white",
            "borderRadius": 16,
            "borderWidth": undefined,
            "color": undefined,
            "flex": 1,
            "flexDirection": "row",
            "height": 108,
            "justifyContent": "center",
            "opacity": 1,
            "position": "relative",
            "width": 658,
          }
        }
      >
        <Text
          numberOfLines={1}
          style={
            {
              "color": "rgba(255, 255, 255, 1)",
              "flexShrink": 1,
              "fontFamily": "Markpro-Bold",
              "fontSize": 26,
              "fontWeight": undefined,
              "textAlign": "center",
              "textAlignVertical": "center",
            }
          }
        >
          Button 1
        </Text>
      </View>
      <View
        accessibilityState={
          {
            "busy": undefined,
            "checked": undefined,
            "disabled": undefined,
            "expanded": undefined,
            "selected": undefined,
          }
        }
        accessibilityValue={
          {
            "max": undefined,
            "min": undefined,
            "now": undefined,
            "text": undefined,
          }
        }
        accessible={true}
        collapsable={false}
        focusable={false}
        onClick={[Function]}
        onResponderGrant={[Function]}
        onResponderMove={[Function]}
        onResponderRelease={[Function]}
        onResponderTerminate={[Function]}
        onResponderTerminationRequest={[Function]}
        onStartShouldSetResponder={[Function]}
        style={
          {
            "alignItems": "center",
            "backgroundColor": "transparent",
            "borderColor": "rgba(255, 199, 44, 1)",
            "borderRadius": 16,
            "borderWidth": 2,
            "color": undefined,
            "flex": 1,
            "flexDirection": "row",
            "height": 108,
            "justifyContent": "center",
            "opacity": 1,
            "position": "relative",
            "width": 658,
          }
        }
      >
        <Text
          numberOfLines={1}
          style={
            {
              "color": "rgba(255, 199, 44, 1)",
              "flexShrink": 1,
              "fontFamily": "Markpro-Bold",
              "fontSize": 26,
              "fontWeight": undefined,
              "textAlign": "center",
              "textAlignVertical": "center",
            }
          }
        >
          Button 2
        </Text>
      </View>
    </View>
    <View
      alignItemsCenter={true}
      justifyContentCenter={true}
      marginTop={16}
      style={
        {
          "alignItems": "center",
          "flex": undefined,
          "flexDirection": "column",
          "justifyContent": "center",
          "marginTop": 31,
        }
      }
    >
      <Image
        height={40}
        source={
          {
            "testUri": "../../../src/assets/images/fast/fast-tcmb.png",
          }
        }
        style={
          {
            "height": 77,
            "maxHeight": 77,
            "overflow": "hidden",
            "resizeMode": "contain",
            "width": 116,
          }
        }
        testID="image-test-id"
        width={60}
      />
    </View>
  </View>
  <View
    onLayout={[Function]}
    pointerEvents="box-none"
    style={
      [
        {
          "alignSelf": "center",
          "elevation": 999999,
          "flex": 0,
          "maxWidth": "100%",
          "position": "absolute",
          "zIndex": 999999,
        },
        {
          "flexDirection": "column-reverse",
          "justifyContent": "flex-start",
          "top": 30,
          "width": 750,
        },
      ]
    }
  >
    <View
      style={
        {
          "bottom": 0,
        }
      }
    >
      <RCTSafeAreaView />
    </View>
  </View>
  <View
    onLayout={[Function]}
    pointerEvents="box-none"
    style={
      [
        {
          "alignSelf": "center",
          "elevation": 999999,
          "flex": 0,
          "maxWidth": "100%",
          "position": "absolute",
          "zIndex": 999999,
        },
        {
          "bottom": 40,
          "flexDirection": "column",
          "justifyContent": "flex-end",
          "width": 750,
        },
      ]
    }
  >
    <View
      style={
        {
          "bottom": 0,
        }
      }
    >
      <RCTSafeAreaView />
    </View>
  </View>
</View>
`;
