// Jest Snapshot v1, https://goo.gl/fbAQLP

exports[`Button -> Custom Component butonun snapshotı ile eşleşmeli 1`] = `
<View
  flex={1}
  pointerEvents="box-none"
  style={
    {
      "flex": 1,
      "flexDirection": "column",
    }
  }
>
  <View
    accessibilityState={
      {
        "busy": undefined,
        "checked": undefined,
        "disabled": undefined,
        "expanded": undefined,
        "selected": undefined,
      }
    }
    accessibilityValue={
      {
        "max": undefined,
        "min": undefined,
        "now": undefined,
        "text": undefined,
      }
    }
    accessible={true}
    collapsable={false}
    focusable={false}
    onClick={[Function]}
    onResponderGrant={[Function]}
    onResponderMove={[Function]}
    onResponderRelease={[Function]}
    onResponderTerminate={[Function]}
    onResponderTerminationRequest={[Function]}
    onStartShouldSetResponder={[Function]}
    style={
      {
        "alignItems": "center",
        "backgroundColor": "rgba(0, 169, 206, 1)",
        "borderColor": "white",
        "borderRadius": 16,
        "borderWidth": undefined,
        "color": undefined,
        "flex": 1,
        "flexDirection": "row",
        "height": 108,
        "justifyContent": "center",
        "opacity": 1,
        "position": "relative",
        "width": 658,
      }
    }
    testID="button-test-id"
  >
    <Text
      numberOfLines={1}
      style={
        {
          "color": "rgba(255, 255, 255, 1)",
          "flexShrink": 1,
          "fontFamily": "Markpro-Bold",
          "fontSize": 26,
          "fontWeight": undefined,
          "textAlign": "center",
          "textAlignVertical": "center",
        }
      }
    >
      Test Button
    </Text>
  </View>
  <View
    onLayout={[Function]}
    pointerEvents="box-none"
    style={
      [
        {
          "alignSelf": "center",
          "elevation": 999999,
          "flex": 0,
          "maxWidth": "100%",
          "position": "absolute",
          "zIndex": 999999,
        },
        {
          "flexDirection": "column-reverse",
          "justifyContent": "flex-start",
          "top": 30,
          "width": 750,
        },
      ]
    }
  >
    <View
      style={
        {
          "bottom": 0,
        }
      }
    >
      <RCTSafeAreaView />
    </View>
  </View>
  <View
    onLayout={[Function]}
    pointerEvents="box-none"
    style={
      [
        {
          "alignSelf": "center",
          "elevation": 999999,
          "flex": 0,
          "maxWidth": "100%",
          "position": "absolute",
          "zIndex": 999999,
        },
        {
          "bottom": 40,
          "flexDirection": "column",
          "justifyContent": "flex-end",
          "width": 750,
        },
      ]
    }
  >
    <View
      style={
        {
          "bottom": 0,
        }
      }
    >
      <RCTSafeAreaView />
    </View>
  </View>
</View>
`;
