// Jest Snapshot v1, https://goo.gl/fbAQLP

exports[`AlertDialogComponent should match snapshot on first render 1`] = `
<KeyboardProvider
  enabled={true}
>
  <View
    flex={1}
    pointerEvents="box-none"
    style={
      {
        "flex": 1,
        "flexDirection": "column",
      }
    }
  >
    <View
      alignItemsCenter={true}
      backgroundColor="rgba(234, 239, 240, 1)"
      borderRadius={16}
      justifyContentCenter={true}
      style={
        {
          "alignItems": "center",
          "backgroundColor": "rgba(234, 239, 240, 1)",
          "flex": undefined,
          "flexDirection": "column",
          "justifyContent": "center",
          "width": 600,
        }
      }
      testID="alert-dialog-test-id"
      width={312}
    >
      <View
        marginTop={24}
        style={
          {
            "flex": undefined,
            "flexDirection": "column",
            "marginTop": 46,
          }
        }
      >
        <ActivityIndicator
          color="rgba(0, 169, 206, 1)"
          size="large"
        />
      </View>
      <View
        alignItemsCenter={true}
        height={55}
        justifyContentCenter={true}
        style={
          {
            "alignItems": "center",
            "flex": undefined,
            "flexDirection": "column",
            "height": 106,
            "justifyContent": "center",
            "maxHeight": 106,
          }
        }
      >
        <Text
          style={
            {
              "color": "rgba(34, 63, 70, 1)",
              "fontFamily": "Markpro-Bold",
              "fontSize": 18,
              "fontWeight": undefined,
              "textAlign": "center",
            }
          }
        >
          TEST WITH Test Title
        </Text>
      </View>
      <View
        style={
          {
            "backgroundColor": "rgba(34, 63, 70, 0.15)",
            "height": 2,
            "maxHeight": 2,
            "opacity": 1,
            "width": "100%",
          }
        }
        variant="neutral-alpha-200"
      />
      <View
        alignItemsCenter={true}
        justifyContentCenter={true}
        paddingBottom={24}
        paddingHorizontal={16}
        paddingTop={24}
        style={
          {
            "alignItems": "center",
            "flex": undefined,
            "flexDirection": "column",
            "justifyContent": "center",
            "paddingBottom": 46,
            "paddingHorizontal": 31,
            "paddingTop": 46,
            "width": "100%",
          }
        }
      >
        <View
          style={
            {
              "flex": undefined,
              "flexDirection": "column",
            }
          }
        >
          <Text
            fill="rgba(63, 182, 24, 1)"
            height={123}
            strokeWidth={0}
            testID="mock-icon"
            width={123}
          >
            MockIcon
          </Text>
        </View>
        <View
          alignItemsCenter={true}
          justifyContentCenter={true}
          marginHorizontal={16}
          marginTop={8}
          style={
            {
              "alignItems": "center",
              "flex": undefined,
              "flexDirection": "column",
              "justifyContent": "center",
              "marginHorizontal": 31,
              "marginTop": 16,
              "width": "100%",
            }
          }
        >
          <Text
            style={
              {
                "color": "rgba(34, 63, 70, 1)",
                "fontFamily": "Markpro",
                "fontSize": 16,
                "fontWeight": undefined,
                "textAlign": "center",
              }
            }
          >
            TEST WITH Test Text
          </Text>
        </View>
      </View>
      <View
        style={
          {
            "backgroundColor": "rgba(34, 63, 70, 0.15)",
            "height": 2,
            "maxHeight": 2,
            "opacity": 1,
            "width": "100%",
          }
        }
        variant="neutral-alpha-200"
      />
      <View
        alignItemsCenter={true}
        justifyContentCenter={true}
        style={
          {
            "alignItems": "center",
            "flex": undefined,
            "flexDirection": "row",
            "justifyContent": "center",
            "width": "100%",
          }
        }
      >
        <View
          accessibilityState={
            {
              "busy": undefined,
              "checked": undefined,
              "disabled": undefined,
              "expanded": undefined,
              "selected": undefined,
            }
          }
          accessibilityValue={
            {
              "max": undefined,
              "min": undefined,
              "now": undefined,
              "text": undefined,
            }
          }
          accessible={true}
          collapsable={false}
          focusable={true}
          onClick={[Function]}
          onResponderGrant={[Function]}
          onResponderMove={[Function]}
          onResponderRelease={[Function]}
          onResponderTerminate={[Function]}
          onResponderTerminationRequest={[Function]}
          onStartShouldSetResponder={[Function]}
          style={
            {
              "alignItems": "center",
              "backgroundColor": "rgba(0, 0, 0, 0)",
              "borderColor": "white",
              "borderRadius": 16,
              "borderWidth": undefined,
              "color": "danger",
              "flex": 1,
              "flexDirection": "row",
              "height": 108,
              "justifyContent": "center",
              "opacity": 1,
              "position": "relative",
              "width": 658,
            }
          }
          testID="alert-dialog-cancel-button-test-id"
        >
          <Text
            numberOfLines={1}
            style={
              {
                "color": "rgba(246, 83, 83, 1)",
                "flexShrink": 1,
                "fontFamily": "Markpro-Book",
                "fontSize": 26,
                "fontWeight": 500,
                "textAlign": "center",
                "textAlignVertical": "center",
              }
            }
          >
            Cancel
          </Text>
        </View>
        <View
          style={
            {
              "backgroundColor": "rgba(34, 63, 70, 0.15)",
              "height": 106,
              "maxHeight": 106,
              "opacity": 1,
              "width": 2,
            }
          }
          variant="neutral-alpha-200"
        />
        <View
          accessibilityState={
            {
              "busy": undefined,
              "checked": undefined,
              "disabled": undefined,
              "expanded": undefined,
              "selected": undefined,
            }
          }
          accessibilityValue={
            {
              "max": undefined,
              "min": undefined,
              "now": undefined,
              "text": undefined,
            }
          }
          accessible={true}
          collapsable={false}
          focusable={true}
          onClick={[Function]}
          onResponderGrant={[Function]}
          onResponderMove={[Function]}
          onResponderRelease={[Function]}
          onResponderTerminate={[Function]}
          onResponderTerminationRequest={[Function]}
          onStartShouldSetResponder={[Function]}
          style={
            {
              "alignItems": "center",
              "backgroundColor": "rgba(0, 0, 0, 0)",
              "borderColor": "white",
              "borderRadius": 16,
              "borderWidth": undefined,
              "color": "primary",
              "flex": 1,
              "flexDirection": "row",
              "height": 108,
              "justifyContent": "center",
              "opacity": 1,
              "position": "relative",
              "width": 658,
            }
          }
          testID="alert-dialog-confirm-button-test-id"
        >
          <Text
            numberOfLines={1}
            style={
              {
                "color": "rgba(0, 169, 206, 1)",
                "flexShrink": 1,
                "fontFamily": "Markpro-Book",
                "fontSize": 26,
                "fontWeight": 500,
                "textAlign": "center",
                "textAlignVertical": "center",
              }
            }
          >
            Ok
          </Text>
        </View>
      </View>
    </View>
    <View
      onLayout={[Function]}
      pointerEvents="box-none"
      style={
        [
          {
            "alignSelf": "center",
            "elevation": 999999,
            "flex": 0,
            "maxWidth": "100%",
            "position": "absolute",
            "zIndex": 999999,
          },
          {
            "flexDirection": "column-reverse",
            "justifyContent": "flex-start",
            "top": 30,
            "width": 750,
          },
        ]
      }
    >
      <View
        style={
          {
            "bottom": 0,
          }
        }
      >
        <RCTSafeAreaView />
      </View>
    </View>
    <View
      onLayout={[Function]}
      pointerEvents="box-none"
      style={
        [
          {
            "alignSelf": "center",
            "elevation": 999999,
            "flex": 0,
            "maxWidth": "100%",
            "position": "absolute",
            "zIndex": 999999,
          },
          {
            "bottom": 40,
            "flexDirection": "column",
            "justifyContent": "flex-end",
            "width": 750,
          },
        ]
      }
    >
      <View
        style={
          {
            "bottom": 0,
          }
        }
      >
        <RCTSafeAreaView />
      </View>
    </View>
  </View>
</KeyboardProvider>
`;
