// Jest Snapshot v1, https://goo.gl/fbAQLP

exports[`Timer -> Custom Component timer ilk render anında snapshot ile eşleşmeli 1`] = `
<View
  flex={1}
  onMoveShouldSetResponder={[Function]}
  onMoveShouldSetResponderCapture={[Function]}
  onResponderEnd={[Function]}
  onResponderGrant={[Function]}
  onResponderMove={[Function]}
  onResponderReject={[Function]}
  onResponderRelease={[Function]}
  onResponderStart={[Function]}
  onResponderTerminate={[Function]}
  onResponderTerminationRequest={[Function]}
  onStartShouldSetResponder={[Function]}
  onStartShouldSetResponderCapture={[Function]}
  style={
    {
      "flex": 1,
      "flexDirection": "column",
    }
  }
>
  <KeyboardProvider
    enabled={true}
  >
    <View
      flex={1}
      pointerEvents="box-none"
      style={
        {
          "flex": 1,
          "flexDirection": "column",
        }
      }
    >
      <View
        style={
          {
            "flex": 1,
          }
        }
      >
        <View
          style={
            {
              "flex": undefined,
              "flexDirection": "column",
            }
          }
        >
          <Text
            style={
              {
                "color": "rgba(17, 17, 17, 1)",
                "fontFamily": "Markpro-Bold",
                "fontSize": 18,
                "fontWeight": "bold",
                "textAlign": "auto",
              }
            }
            testID="timerTestId"
          >
            3:00
          </Text>
        </View>
        <View
          style={
            {
              "flexShrink": 1,
            }
          }
        />
      </View>
      <View
        onLayout={[Function]}
        pointerEvents="box-none"
        style={
          [
            {
              "alignSelf": "center",
              "elevation": 999999,
              "flex": 0,
              "maxWidth": "100%",
              "position": "absolute",
              "zIndex": 999999,
            },
            {
              "flexDirection": "column-reverse",
              "justifyContent": "flex-start",
              "top": 30,
              "width": 750,
            },
          ]
        }
      >
        <View
          style={
            {
              "bottom": 0,
            }
          }
        >
          <RCTSafeAreaView />
        </View>
      </View>
      <View
        onLayout={[Function]}
        pointerEvents="box-none"
        style={
          [
            {
              "alignSelf": "center",
              "elevation": 999999,
              "flex": 0,
              "maxWidth": "100%",
              "position": "absolute",
              "zIndex": 999999,
            },
            {
              "bottom": 40,
              "flexDirection": "column",
              "justifyContent": "flex-end",
              "width": 750,
            },
          ]
        }
      >
        <View
          style={
            {
              "bottom": 0,
            }
          }
        >
          <RCTSafeAreaView />
        </View>
      </View>
    </View>
  </KeyboardProvider>
</View>
`;
