// Jest Snapshot v1, https://goo.gl/fbAQLP

exports[`Pressable -> Custom Component pressable component render olmalı ve snapshot eşleşmeli 1`] = `
<View
  flex={1}
  pointerEvents="box-none"
  style={
    {
      "flex": 1,
      "flexDirection": "column",
    }
  }
>
  <View
    accessibilityState={
      {
        "busy": undefined,
        "checked": undefined,
        "disabled": undefined,
        "expanded": undefined,
        "selected": undefined,
      }
    }
    accessibilityValue={
      {
        "max": undefined,
        "min": undefined,
        "now": undefined,
        "text": undefined,
      }
    }
    accessible={true}
    animated={false}
    collapsable={false}
    focusable={true}
    onBlur={[Function]}
    onClick={[Function]}
    onFocus={[Function]}
    onResponderGrant={[Function]}
    onResponderMove={[Function]}
    onResponderRelease={[Function]}
    onResponderTerminate={[Function]}
    onResponderTerminationRequest={[Function]}
    onStartShouldSetResponder={[Function]}
    style={
      {
        "flex": 1,
        "flexDirection": "column",
      }
    }
    testID="pressable-test-id"
  />
  <View
    onLayout={[Function]}
    pointerEvents="box-none"
    style={
      [
        {
          "alignSelf": "center",
          "elevation": 999999,
          "flex": 0,
          "maxWidth": "100%",
          "position": "absolute",
          "zIndex": 999999,
        },
        {
          "flexDirection": "column-reverse",
          "justifyContent": "flex-start",
          "top": 30,
          "width": 750,
        },
      ]
    }
  >
    <View
      style={
        {
          "bottom": 0,
        }
      }
    >
      <RCTSafeAreaView />
    </View>
  </View>
  <View
    onLayout={[Function]}
    pointerEvents="box-none"
    style={
      [
        {
          "alignSelf": "center",
          "elevation": 999999,
          "flex": 0,
          "maxWidth": "100%",
          "position": "absolute",
          "zIndex": 999999,
        },
        {
          "bottom": 40,
          "flexDirection": "column",
          "justifyContent": "flex-end",
          "width": 750,
        },
      ]
    }
  >
    <View
      style={
        {
          "bottom": 0,
        }
      }
    >
      <RCTSafeAreaView />
    </View>
  </View>
</View>
`;
