// Jest Snapshot v1, https://goo.gl/fbAQLP

exports[`Notification -> Custom Component notification ilk render anında snapshot ile eşleşmeli 1`] = `
<View
  flex={1}
  onMoveShouldSetResponder={[Function]}
  onMoveShouldSetResponderCapture={[Function]}
  onResponderEnd={[Function]}
  onResponderGrant={[Function]}
  onResponderMove={[Function]}
  onResponderReject={[Function]}
  onResponderRelease={[Function]}
  onResponderStart={[Function]}
  onResponderTerminate={[Function]}
  onResponderTerminationRequest={[Function]}
  onStartShouldSetResponder={[Function]}
  onStartShouldSetResponderCapture={[Function]}
  style={
    {
      "flex": 1,
      "flexDirection": "column",
    }
  }
>
  <KeyboardProvider
    enabled={true}
  >
    <View
      flex={1}
      pointerEvents="box-none"
      style={
        {
          "flex": 1,
          "flexDirection": "column",
        }
      }
    >
      <View
        style={
          {
            "flex": 1,
          }
        }
      >
        <View
          accessibilityState={
            {
              "busy": undefined,
              "checked": undefined,
              "disabled": undefined,
              "expanded": undefined,
              "selected": undefined,
            }
          }
          accessibilityValue={
            {
              "max": undefined,
              "min": undefined,
              "now": undefined,
              "text": undefined,
            }
          }
          accessible={true}
          animated={false}
          collapsable={false}
          focusable={true}
          marginBottom={24}
          onBlur={[Function]}
          onClick={[Function]}
          onFocus={[Function]}
          onResponderGrant={[Function]}
          onResponderMove={[Function]}
          onResponderRelease={[Function]}
          onResponderTerminate={[Function]}
          onResponderTerminationRequest={[Function]}
          onStartShouldSetResponder={[Function]}
          relative={true}
          style={
            {
              "flex": 1,
              "flexDirection": "column",
              "marginBottom": 46,
              "position": "relative",
            }
          }
          testID="notification-pressable-test-id"
        >
          <View
            absolute={true}
            backgroundColor="info-notification"
            borderBottomStartRadius={4}
            borderTopStartRadius={4}
            height="100%"
            justifyContentCenter={true}
            left={0}
            style={
              {
                "backgroundColor": "rgba(77, 175, 234, 1)",
                "flex": undefined,
                "flexDirection": "column",
                "justifyContent": "center",
                "left": 0,
                "position": "absolute",
                "top": 0,
                "width": 8,
                "zIndex": 99,
              }
            }
            top={0}
            width={4}
            zIndex={99}
          />
          <View
            backgroundColor="rgba(34, 63, 70, 1)"
            borderRadius={4}
            paddingHorizontal={16}
            paddingVertical={16}
            style={
              {
                "backgroundColor": "rgba(34, 63, 70, 1)",
                "flex": undefined,
                "flexDirection": "row",
                "paddingHorizontal": 31,
                "paddingVertical": 31,
                "width": 658,
              }
            }
            width={342}
          >
            <View
              marginRight={8}
              marginTop={4}
              style={
                {
                  "flex": undefined,
                  "flexDirection": "column",
                  "marginRight": 16,
                  "marginTop": 8,
                }
              }
            >
              REMOVE
            </View>
            <View
              flex={1}
              style={
                {
                  "flex": 1,
                  "flexDirection": "column",
                }
              }
            >
              <Text
                lineBreakMode="tail"
                style={
                  {
                    "color": "rgba(255, 255, 255, 1)",
                    "fontFamily": "Markpro-Book",
                    "fontSize": 14,
                    "fontWeight": 500,
                    "textAlign": "auto",
                  }
                }
                testID="notification-title-test-id"
              >
                TEST WITH Test Title
              </Text>
              <Text
                marginTop={4}
                style={
                  {
                    "color": "rgba(255, 255, 255, 1)",
                    "fontFamily": "Markpro-Book",
                    "fontSize": 12,
                    "fontWeight": 500,
                    "marginTop": 8,
                    "textAlign": "auto",
                  }
                }
                testID="notification-desc-test-id"
              >
                TEST WITH Test Description
              </Text>
            </View>
          </View>
        </View>
        <View
          style={
            {
              "flexShrink": 1,
            }
          }
        />
      </View>
      <View
        onLayout={[Function]}
        pointerEvents="box-none"
        style={
          [
            {
              "alignSelf": "center",
              "elevation": 999999,
              "flex": 0,
              "maxWidth": "100%",
              "position": "absolute",
              "zIndex": 999999,
            },
            {
              "flexDirection": "column-reverse",
              "justifyContent": "flex-start",
              "top": 30,
              "width": 750,
            },
          ]
        }
      >
        <View
          style={
            {
              "bottom": 0,
            }
          }
        >
          <RCTSafeAreaView />
        </View>
      </View>
      <View
        onLayout={[Function]}
        pointerEvents="box-none"
        style={
          [
            {
              "alignSelf": "center",
              "elevation": 999999,
              "flex": 0,
              "maxWidth": "100%",
              "position": "absolute",
              "zIndex": 999999,
            },
            {
              "bottom": 40,
              "flexDirection": "column",
              "justifyContent": "flex-end",
              "width": 750,
            },
          ]
        }
      >
        <View
          style={
            {
              "bottom": 0,
            }
          }
        >
          <RCTSafeAreaView />
        </View>
      </View>
    </View>
  </KeyboardProvider>
</View>
`;
