// Jest Snapshot v1, https://goo.gl/fbAQLP

exports[`Toggle -> Custom Component toggle ilk render anında snapshot ile eşleşmeli 1`] = `
<View
  flex={1}
  onMoveShouldSetResponder={[Function]}
  onMoveShouldSetResponderCapture={[Function]}
  onResponderEnd={[Function]}
  onResponderGrant={[Function]}
  onResponderMove={[Function]}
  onResponderReject={[Function]}
  onResponderRelease={[Function]}
  onResponderStart={[Function]}
  onResponderTerminate={[Function]}
  onResponderTerminationRequest={[Function]}
  onStartShouldSetResponder={[Function]}
  onStartShouldSetResponderCapture={[Function]}
  style={
    {
      "flex": 1,
      "flexDirection": "column",
    }
  }
>
  <KeyboardProvider
    enabled={true}
  >
    <View
      flex={1}
      pointerEvents="box-none"
      style={
        {
          "flex": 1,
          "flexDirection": "column",
        }
      }
    >
      <View
        style={
          {
            "flex": 1,
          }
        }
      >
        <View
          alignItemsCenter={true}
          height={32}
          maxHeight={32}
          maxWidth={64}
          style={
            {
              "alignItems": "center",
              "flex": undefined,
              "flexDirection": "row",
              "height": 62,
              "maxHeight": 62,
              "maxWidth": 123,
              "width": 123,
            }
          }
          width={64}
        >
          <View
            accessibilityState={
              {
                "busy": undefined,
                "checked": undefined,
                "disabled": undefined,
                "expanded": undefined,
                "selected": undefined,
              }
            }
            accessibilityValue={
              {
                "max": undefined,
                "min": undefined,
                "now": undefined,
                "text": undefined,
              }
            }
            accessible={true}
            animated={false}
            collapsable={false}
            focusable={true}
            onBlur={[Function]}
            onClick={[Function]}
            onFocus={[Function]}
            onResponderGrant={[Function]}
            onResponderMove={[Function]}
            onResponderRelease={[Function]}
            onResponderTerminate={[Function]}
            onResponderTerminationRequest={[Function]}
            onStartShouldSetResponder={[Function]}
            style={
              {
                "flex": 1,
                "flexDirection": "column",
              }
            }
            testID="toggle-container-test-id"
          >
            <View
              collapsable={false}
              jestAnimatedProps={
                {
                  "value": {},
                }
              }
              jestAnimatedStyle={
                {
                  "value": {
                    "backgroundColor": "rgba(161, 173, 175, 1)",
                  },
                }
              }
              jestInlineStyle={
                [
                  {
                    "borderRadius": 16,
                    "height": 62,
                    "justifyContent": "center",
                    "width": 123,
                  },
                ]
              }
              style={
                [
                  {
                    "borderRadius": 16,
                    "height": 62,
                    "justifyContent": "center",
                    "width": 123,
                  },
                  {
                    "backgroundColor": "rgba(161, 173, 175, 1)",
                  },
                ]
              }
              testID="toggle-test-id"
            >
              <View
                collapsable={false}
                jestAnimatedProps={
                  {
                    "value": {},
                  }
                }
                jestAnimatedStyle={
                  {
                    "value": {
                      "marginLeft": 8,
                    },
                  }
                }
                jestInlineStyle={
                  [
                    {
                      "backgroundColor": "rgba(255, 255, 255, 1)",
                      "borderColor": "rgba(34, 63, 70, 0.15)",
                      "borderRadius": 44,
                      "borderWidth": 4,
                      "height": 44,
                      "width": 44,
                    },
                  ]
                }
                style={
                  [
                    {
                      "backgroundColor": "rgba(255, 255, 255, 1)",
                      "borderColor": "rgba(34, 63, 70, 0.15)",
                      "borderRadius": 44,
                      "borderWidth": 4,
                      "height": 44,
                      "width": 44,
                    },
                    {
                      "marginLeft": 8,
                    },
                  ]
                }
              />
            </View>
          </View>
        </View>
        <View
          style={
            {
              "flexShrink": 1,
            }
          }
        />
      </View>
      <View
        onLayout={[Function]}
        pointerEvents="box-none"
        style={
          [
            {
              "alignSelf": "center",
              "elevation": 999999,
              "flex": 0,
              "maxWidth": "100%",
              "position": "absolute",
              "zIndex": 999999,
            },
            {
              "flexDirection": "column-reverse",
              "justifyContent": "flex-start",
              "top": 30,
              "width": 750,
            },
          ]
        }
      >
        <View
          style={
            {
              "bottom": 0,
            }
          }
        >
          <RCTSafeAreaView />
        </View>
      </View>
      <View
        onLayout={[Function]}
        pointerEvents="box-none"
        style={
          [
            {
              "alignSelf": "center",
              "elevation": 999999,
              "flex": 0,
              "maxWidth": "100%",
              "position": "absolute",
              "zIndex": 999999,
            },
            {
              "bottom": 40,
              "flexDirection": "column",
              "justifyContent": "flex-end",
              "width": 750,
            },
          ]
        }
      >
        <View
          style={
            {
              "bottom": 0,
            }
          }
        >
          <RCTSafeAreaView />
        </View>
      </View>
    </View>
  </KeyboardProvider>
</View>
`;
