// Jest Snapshot v1, https://goo.gl/fbAQLP

exports[`CVC Input -> Custom Input ilk render anında snapshot ile eşleşmeli 1`] = `
<View
  flex={1}
  pointerEvents="box-none"
  style={
    {
      "flex": 1,
      "flexDirection": "column",
    }
  }
>
  <View
    style={
      {
        "flex": undefined,
        "flexDirection": "row",
      }
    }
  >
    <TextInput
      editable={true}
      keyboardType="number-pad"
      maxLength={3}
      name="test"
      onChangeText={[Function]}
      placeholder="***"
      style={
        {
          "color": "rgba(255, 255, 255, 1)",
          "fontFamily": "Markpro-Medium",
          "fontSize": 18,
          "height": 89,
          "letterSpacing": 0.5,
          "width": "100%",
        }
      }
      testID="input-test-id"
    />
    <View
      accessibilityState={
        {
          "busy": undefined,
          "checked": undefined,
          "disabled": undefined,
          "expanded": undefined,
          "selected": undefined,
        }
      }
      accessibilityValue={
        {
          "max": undefined,
          "min": undefined,
          "now": undefined,
          "text": undefined,
        }
      }
      accessible={true}
      alignItemsCenter={true}
      animated={false}
      collapsable={false}
      focusable={true}
      justifyContentCenter={true}
      onBlur={[Function]}
      onClick={[Function]}
      onFocus={[Function]}
      onResponderGrant={[Function]}
      onResponderMove={[Function]}
      onResponderRelease={[Function]}
      onResponderTerminate={[Function]}
      onResponderTerminationRequest={[Function]}
      onStartShouldSetResponder={[Function]}
      row={true}
      style={
        {
          "alignItems": "center",
          "flex": 1,
          "flexDirection": "row",
          "justifyContent": "center",
          "left": 116,
          "position": "absolute",
          "top": -29,
        }
      }
      testID="info-icon-test-id"
    >
      <Text
        style={
          {
            "color": "rgba(161, 173, 175, 1)",
            "fontFamily": "Markpro-Bold",
            "fontSize": 10,
            "fontWeight": 700,
            "textAlign": "auto",
          }
        }
      >
        (PASSWORD ON THE BACK OF THE CARD)
      </Text>
    </View>
  </View>
  <View
    onLayout={[Function]}
    pointerEvents="box-none"
    style={
      [
        {
          "alignSelf": "center",
          "elevation": 999999,
          "flex": 0,
          "maxWidth": "100%",
          "position": "absolute",
          "zIndex": 999999,
        },
        {
          "flexDirection": "column-reverse",
          "justifyContent": "flex-start",
          "top": 30,
          "width": 750,
        },
      ]
    }
  >
    <View
      style={
        {
          "bottom": 0,
        }
      }
    >
      <RCTSafeAreaView />
    </View>
  </View>
  <View
    onLayout={[Function]}
    pointerEvents="box-none"
    style={
      [
        {
          "alignSelf": "center",
          "elevation": 999999,
          "flex": 0,
          "maxWidth": "100%",
          "position": "absolute",
          "zIndex": 999999,
        },
        {
          "bottom": 40,
          "flexDirection": "column",
          "justifyContent": "flex-end",
          "width": 750,
        },
      ]
    }
  >
    <View
      style={
        {
          "bottom": 0,
        }
      }
    >
      <RCTSafeAreaView />
    </View>
  </View>
</View>
`;
