// Jest Snapshot v1, https://goo.gl/fbAQLP

exports[`Date Input -> Custom Input ilk render anında snapshot ile eşleşmeli 1`] = `
<KeyboardProvider
  enabled={true}
>
  <View
    flex={1}
    pointerEvents="box-none"
    style={
      {
        "flex": 1,
        "flexDirection": "column",
      }
    }
  >
    <View
      style={
        {
          "flex": undefined,
          "flexDirection": "row",
        }
      }
    >
      <View
        accessibilityState={
          {
            "busy": undefined,
            "checked": undefined,
            "disabled": undefined,
            "expanded": undefined,
            "selected": undefined,
          }
        }
        accessibilityValue={
          {
            "max": undefined,
            "min": undefined,
            "now": undefined,
            "text": undefined,
          }
        }
        accessible={true}
        animated={false}
        collapsable={false}
        flex={0}
        focusable={true}
        height={89}
        justifyContentCenter={true}
        onBlur={[Function]}
        onClick={[Function]}
        onFocus={[Function]}
        onResponderGrant={[Function]}
        onResponderMove={[Function]}
        onResponderRelease={[Function]}
        onResponderTerminate={[Function]}
        onResponderTerminationRequest={[Function]}
        onStartShouldSetResponder={[Function]}
        size="full"
        style={
          {
            "color": "rgba(255, 255, 255, 1)",
            "flex": 0,
            "flexDirection": "column",
            "fontFamily": "Markpro-Medium",
            "fontSize": 18,
            "height": 89,
            "justifyContent": "center",
            "letterSpacing": 0.5,
            "maxHeight": 171,
            "width": "100%",
          }
        }
        testID="date-input-test-id"
      >
        <Text
          style={
            {
              "color": "rgba(161, 173, 175, 1)",
              "fontFamily": "Markpro-Medium",
              "fontSize": 16,
              "fontWeight": undefined,
              "letterSpacing": 0.5,
              "textAlign": "auto",
            }
          }
        >
          Lütfen bir tarih seçiniz
        </Text>
      </View>
      <View
        accessibilityState={
          {
            "busy": undefined,
            "checked": undefined,
            "disabled": undefined,
            "expanded": undefined,
            "selected": undefined,
          }
        }
        accessibilityValue={
          {
            "max": undefined,
            "min": undefined,
            "now": undefined,
            "text": undefined,
          }
        }
        accessible={true}
        animated={false}
        collapsable={false}
        focusable={true}
        onBlur={[Function]}
        onClick={[Function]}
        onFocus={[Function]}
        onResponderGrant={[Function]}
        onResponderMove={[Function]}
        onResponderRelease={[Function]}
        onResponderTerminate={[Function]}
        onResponderTerminationRequest={[Function]}
        onStartShouldSetResponder={[Function]}
        style={
          {
            "flex": 1,
            "flexDirection": "column",
          }
        }
        testID="pressable-test-id"
      >
        <View
          absolute={true}
          bottom={16}
          right={0}
          style={
            {
              "bottom": 31,
              "flex": undefined,
              "flexDirection": "column",
              "position": "absolute",
              "right": 0,
            }
          }
        >
          <View
            style={
              {
                "flex": undefined,
                "flexDirection": "column",
              }
            }
          >
            <Text
              height={46}
              stroke="rgba(161, 173, 175, 1)"
              strokeWidth={2}
              testID="mock-icon"
              width={46}
            >
              MockIcon
            </Text>
          </View>
        </View>
      </View>
    </View>
    <View
      onLayout={[Function]}
      pointerEvents="box-none"
      style={
        [
          {
            "alignSelf": "center",
            "elevation": 999999,
            "flex": 0,
            "maxWidth": "100%",
            "position": "absolute",
            "zIndex": 999999,
          },
          {
            "flexDirection": "column-reverse",
            "justifyContent": "flex-start",
            "top": 30,
            "width": 750,
          },
        ]
      }
    >
      <View
        style={
          {
            "bottom": 0,
          }
        }
      >
        <RCTSafeAreaView />
      </View>
    </View>
    <View
      onLayout={[Function]}
      pointerEvents="box-none"
      style={
        [
          {
            "alignSelf": "center",
            "elevation": 999999,
            "flex": 0,
            "maxWidth": "100%",
            "position": "absolute",
            "zIndex": 999999,
          },
          {
            "bottom": 40,
            "flexDirection": "column",
            "justifyContent": "flex-end",
            "width": 750,
          },
        ]
      }
    >
      <View
        style={
          {
            "bottom": 0,
          }
        }
      >
        <RCTSafeAreaView />
      </View>
    </View>
  </View>
</KeyboardProvider>
`;
