// Jest Snapshot v1, https://goo.gl/fbAQLP

exports[`InputLabel ilk render anında snapshot ile eşleşmeli 1`] = `
<KeyboardProvider
  enabled={true}
>
  <View
    flex={1}
    pointerEvents="box-none"
    style={
      {
        "flex": 1,
        "flexDirection": "column",
      }
    }
  >
    <View
      alignItemsCenter={true}
      paddingHorizontal={26}
      style={
        {
          "alignItems": "center",
          "flex": undefined,
          "flexDirection": "row",
          "paddingHorizontal": 50,
        }
      }
    >
      <Text
        style={
          {
            "color": "rgba(34, 63, 70, 1)",
            "fontFamily": "Markpro-Bold",
            "fontSize": 10,
            "fontWeight": undefined,
            "letterSpacing": 0.5,
            "textAlign": "auto",
          }
        }
        testID="input-label-test-id"
      >
        TEST LABEL
      </Text>
    </View>
    <View
      onLayout={[Function]}
      pointerEvents="box-none"
      style={
        [
          {
            "alignSelf": "center",
            "elevation": 999999,
            "flex": 0,
            "maxWidth": "100%",
            "position": "absolute",
            "zIndex": 999999,
          },
          {
            "flexDirection": "column-reverse",
            "justifyContent": "flex-start",
            "top": 30,
            "width": 750,
          },
        ]
      }
    >
      <View
        style={
          {
            "bottom": 0,
          }
        }
      >
        <RCTSafeAreaView />
      </View>
    </View>
    <View
      onLayout={[Function]}
      pointerEvents="box-none"
      style={
        [
          {
            "alignSelf": "center",
            "elevation": 999999,
            "flex": 0,
            "maxWidth": "100%",
            "position": "absolute",
            "zIndex": 999999,
          },
          {
            "bottom": 40,
            "flexDirection": "column",
            "justifyContent": "flex-end",
            "width": 750,
          },
        ]
      }
    >
      <View
        style={
          {
            "bottom": 0,
          }
        }
      >
        <RCTSafeAreaView />
      </View>
    </View>
  </View>
</KeyboardProvider>
`;
