// Jest Snapshot v1, https://goo.gl/fbAQLP

exports[`Password Input -> Custom Input password input ilk render anında snapshot ile eşleşmeli 1`] = `
<View
  flex={1}
  pointerEvents="box-none"
  style={
    {
      "flex": 1,
      "flexDirection": "column",
    }
  }
>
  <View
    style={
      {
        "flex": undefined,
        "flexDirection": "row",
      }
    }
  >
    <TextInput
      contextMenuHidden={true}
      editable={true}
      keyboardType="number-pad"
      name="test"
      onChangeText={[Function]}
      onSelectionChange={[Function]}
      placeholder="*******"
      secureTextEntry={true}
      style={
        {
          "color": "rgba(255, 255, 255, 1)",
          "fontFamily": "Markpro-Medium",
          "fontSize": 18,
          "height": 89,
          "letterSpacing": 0.5,
          "width": "100%",
        }
      }
      testID="input-test-id"
    />
    <View
      accessibilityState={
        {
          "busy": undefined,
          "checked": undefined,
          "disabled": undefined,
          "expanded": undefined,
          "selected": undefined,
        }
      }
      accessibilityValue={
        {
          "max": undefined,
          "min": undefined,
          "now": undefined,
          "text": undefined,
        }
      }
      accessible={true}
      alignItemsCenter={true}
      animated={false}
      collapsable={false}
      focusable={true}
      justifyContentCenter={true}
      onBlur={[Function]}
      onClick={[Function]}
      onFocus={[Function]}
      onResponderGrant={[Function]}
      onResponderMove={[Function]}
      onResponderRelease={[Function]}
      onResponderTerminate={[Function]}
      onResponderTerminationRequest={[Function]}
      onStartShouldSetResponder={[Function]}
      style={
        {
          "alignItems": "center",
          "bottom": 0,
          "flex": 1,
          "flexDirection": "column",
          "justifyContent": "center",
          "position": "absolute",
          "right": 10,
          "top": 0,
        }
      }
      testID="show-password-icon-test-id"
    >
      <View
        style={
          {
            "flex": undefined,
            "flexDirection": "column",
          }
        }
      >
        <SvgMock
          fill="transparent"
          height={46}
          stroke="grey-200"
          strokeLinecap="round"
          strokeLinejoin="round"
          strokeWidth={1.5}
          width={46}
        />
      </View>
    </View>
  </View>
  <View
    onLayout={[Function]}
    pointerEvents="box-none"
    style={
      [
        {
          "alignSelf": "center",
          "elevation": 999999,
          "flex": 0,
          "maxWidth": "100%",
          "position": "absolute",
          "zIndex": 999999,
        },
        {
          "flexDirection": "column-reverse",
          "justifyContent": "flex-start",
          "top": 30,
          "width": 750,
        },
      ]
    }
  >
    <View
      style={
        {
          "bottom": 0,
        }
      }
    >
      <RCTSafeAreaView />
    </View>
  </View>
  <View
    onLayout={[Function]}
    pointerEvents="box-none"
    style={
      [
        {
          "alignSelf": "center",
          "elevation": 999999,
          "flex": 0,
          "maxWidth": "100%",
          "position": "absolute",
          "zIndex": 999999,
        },
        {
          "bottom": 40,
          "flexDirection": "column",
          "justifyContent": "flex-end",
          "width": 750,
        },
      ]
    }
  >
    <View
      style={
        {
          "bottom": 0,
        }
      }
    >
      <RCTSafeAreaView />
    </View>
  </View>
</View>
`;
