// Jest Snapshot v1, https://goo.gl/fbAQLP

exports[`Select Input -> Custom Input ilk render anında snapshot ile eşleşmeli 1`] = `
<KeyboardProvider
  enabled={true}
>
  <View
    flex={1}
    pointerEvents="box-none"
    style={
      {
        "flex": 1,
        "flexDirection": "column",
      }
    }
  >
    <View
      style={
        {
          "flex": undefined,
          "flexDirection": "column",
        }
      }
      testID="select-test-id"
    >
      <View
        accessibilityState={
          {
            "busy": undefined,
            "checked": undefined,
            "disabled": undefined,
            "expanded": undefined,
            "selected": undefined,
          }
        }
        accessibilityValue={
          {
            "max": undefined,
            "min": undefined,
            "now": undefined,
            "text": undefined,
          }
        }
        accessible={true}
        alignItemsCenter={true}
        animated={false}
        collapsable={false}
        flex={0}
        focusable={true}
        justifyContentCenter={true}
        onBlur={[Function]}
        onClick={[Function]}
        onFocus={[Function]}
        onResponderGrant={[Function]}
        onResponderMove={[Function]}
        onResponderRelease={[Function]}
        onResponderTerminate={[Function]}
        onResponderTerminationRequest={[Function]}
        onStartShouldSetResponder={[Function]}
        size="full"
        style={
          {
            "alignItems": "center",
            "flex": 0,
            "flexDirection": "column",
            "justifyContent": "center",
            "width": "100%",
          }
        }
        testID="select-input-selection-test-id"
      >
        <View
          alignItemsCenter={true}
          height={89}
          style={
            {
              "alignItems": "center",
              "flex": undefined,
              "flexDirection": "row",
              "height": 171,
              "maxHeight": 171,
            }
          }
        >
          <Text
            numberOfLines={1}
            style={
              {
                "color": "rgba(161, 173, 175, 1)",
                "fontFamily": "Markpro-Medium",
                "fontSize": 18,
                "fontWeight": undefined,
                "letterSpacing": 0.5,
                "textAlign": "auto",
                "width": "90%",
              }
            }
            testID="select-input-selected-item-test-id"
          >
            Select
          </Text>
          <View
            style={
              {
                "flex": undefined,
                "flexDirection": "column",
              }
            }
          >
            <Text
              fill="rgba(161, 173, 175, 1)"
              height={48}
              strokeWidth={0}
              testID="mock-icon"
              width={48}
            >
              MockIcon
            </Text>
          </View>
        </View>
      </View>
    </View>
    <View
      onLayout={[Function]}
      pointerEvents="box-none"
      style={
        [
          {
            "alignSelf": "center",
            "elevation": 999999,
            "flex": 0,
            "maxWidth": "100%",
            "position": "absolute",
            "zIndex": 999999,
          },
          {
            "flexDirection": "column-reverse",
            "justifyContent": "flex-start",
            "top": 30,
            "width": 750,
          },
        ]
      }
    >
      <View
        style={
          {
            "bottom": 0,
          }
        }
      >
        <RCTSafeAreaView />
      </View>
    </View>
    <View
      onLayout={[Function]}
      pointerEvents="box-none"
      style={
        [
          {
            "alignSelf": "center",
            "elevation": 999999,
            "flex": 0,
            "maxWidth": "100%",
            "position": "absolute",
            "zIndex": 999999,
          },
          {
            "bottom": 40,
            "flexDirection": "column",
            "justifyContent": "flex-end",
            "width": 750,
          },
        ]
      }
    >
      <View
        style={
          {
            "bottom": 0,
          }
        }
      >
        <RCTSafeAreaView />
      </View>
    </View>
  </View>
</KeyboardProvider>
`;
