// Jest Snapshot v1, https://goo.gl/fbAQLP

exports[`Component -> BottomMenu bottom menu componenti snapshotı ile eşleşmeli 1`] = `
<View
  flex={1}
  pointerEvents="box-none"
  style={
    {
      "flex": 1,
      "flexDirection": "column",
    }
  }
>
  <View
    absolute={true}
    borderTopEndRadius={24}
    borderTopStartRadius={24}
    bottom={0}
    height={72}
    heightNormalizeBased={true}
    style={
      {
        "backgroundColor": "rgba(255, 199, 44, 1)",
        "borderTopEndRadius": 24,
        "borderTopStartRadius": 24,
        "bottom": 0,
        "flex": undefined,
        "flexDirection": "row",
        "height": 114,
        "justifyContent": "space-around",
        "maxHeight": 114,
        "paddingBottom": 0,
        "paddingHorizontal": 13,
        "position": "absolute",
        "width": "100%",
      }
    }
    testID="bottom-menu-container"
  >
    <View
      accessibilityState={
        {
          "busy": undefined,
          "checked": undefined,
          "disabled": undefined,
          "expanded": undefined,
          "selected": undefined,
        }
      }
      accessibilityValue={
        {
          "max": undefined,
          "min": undefined,
          "now": undefined,
          "text": undefined,
        }
      }
      accessible={true}
      alignItemsCenter={true}
      animated={false}
      collapsable={false}
      focusable={true}
      height={56}
      justifyContentCenter={true}
      onBlur={[Function]}
      onClick={[Function]}
      onFocus={[Function]}
      onResponderGrant={[Function]}
      onResponderMove={[Function]}
      onResponderRelease={[Function]}
      onResponderTerminate={[Function]}
      onResponderTerminationRequest={[Function]}
      onStartShouldSetResponder={[Function]}
      style={
        {
          "alignItems": "center",
          "flex": 1,
          "flexDirection": "column",
          "height": 108,
          "justifyContent": "center",
          "maxHeight": 108,
        }
      }
      testID="bottom-menu-item-1-test-id"
    >
      <View
        marginBottom={4}
        style={
          {
            "flex": undefined,
            "flexDirection": "column",
            "marginBottom": 8,
          }
        }
      >
        <Text
          fill="rgba(34, 63, 70, 1)"
          height={46}
          strokeWidth={2}
          testID="mock-icon"
          width={46}
        >
          MockIcon
        </Text>
      </View>
      <Text
        numberOfLines={1}
        style={
          {
            "color": "rgba(34, 63, 70, 1)",
            "fontFamily": "Markpro-Bold",
            "fontSize": 10,
            "fontWeight": "bold",
            "textAlign": "center",
          }
        }
      >
        Menu 1
      </Text>
    </View>
    <View
      accessibilityState={
        {
          "busy": undefined,
          "checked": undefined,
          "disabled": undefined,
          "expanded": undefined,
          "selected": undefined,
        }
      }
      accessibilityValue={
        {
          "max": undefined,
          "min": undefined,
          "now": undefined,
          "text": undefined,
        }
      }
      accessible={true}
      alignItemsCenter={true}
      animated={false}
      collapsable={false}
      focusable={true}
      height={56}
      justifyContentCenter={true}
      onBlur={[Function]}
      onClick={[Function]}
      onFocus={[Function]}
      onResponderGrant={[Function]}
      onResponderMove={[Function]}
      onResponderRelease={[Function]}
      onResponderTerminate={[Function]}
      onResponderTerminationRequest={[Function]}
      onStartShouldSetResponder={[Function]}
      style={
        {
          "alignItems": "center",
          "flex": 1,
          "flexDirection": "column",
          "height": 108,
          "justifyContent": "center",
          "maxHeight": 108,
        }
      }
      testID="bottom-menu-item-2-test-id"
    >
      <View
        marginBottom={4}
        style={
          {
            "flex": undefined,
            "flexDirection": "column",
            "marginBottom": 8,
          }
        }
      >
        <Text
          fill="rgba(34, 63, 70, 1)"
          height={46}
          strokeWidth={2}
          testID="mock-icon"
          width={46}
        >
          MockIcon
        </Text>
      </View>
      <Text
        numberOfLines={1}
        style={
          {
            "color": "rgba(34, 63, 70, 1)",
            "fontFamily": "Markpro-Bold",
            "fontSize": 10,
            "fontWeight": "bold",
            "textAlign": "center",
          }
        }
      >
        Menu 2
      </Text>
    </View>
  </View>
  <View
    onLayout={[Function]}
    pointerEvents="box-none"
    style={
      [
        {
          "alignSelf": "center",
          "elevation": 999999,
          "flex": 0,
          "maxWidth": "100%",
          "position": "absolute",
          "zIndex": 999999,
        },
        {
          "flexDirection": "column-reverse",
          "justifyContent": "flex-start",
          "top": 30,
          "width": 750,
        },
      ]
    }
  >
    <View
      style={
        {
          "bottom": 0,
        }
      }
    >
      <RCTSafeAreaView />
    </View>
  </View>
  <View
    onLayout={[Function]}
    pointerEvents="box-none"
    style={
      [
        {
          "alignSelf": "center",
          "elevation": 999999,
          "flex": 0,
          "maxWidth": "100%",
          "position": "absolute",
          "zIndex": 999999,
        },
        {
          "bottom": 40,
          "flexDirection": "column",
          "justifyContent": "flex-end",
          "width": 750,
        },
      ]
    }
  >
    <View
      style={
        {
          "bottom": 0,
        }
      }
    >
      <RCTSafeAreaView />
    </View>
  </View>
</View>
`;
