// Jest Snapshot v1, https://goo.gl/fbAQLP

exports[`List -> Custom Component list ilk render anında snapshot ile eşleşmeli 1`] = `
<View
  flex={1}
  onMoveShouldSetResponder={[Function]}
  onMoveShouldSetResponderCapture={[Function]}
  onResponderEnd={[Function]}
  onResponderGrant={[Function]}
  onResponderMove={[Function]}
  onResponderReject={[Function]}
  onResponderRelease={[Function]}
  onResponderStart={[Function]}
  onResponderTerminate={[Function]}
  onResponderTerminationRequest={[Function]}
  onStartShouldSetResponder={[Function]}
  onStartShouldSetResponderCapture={[Function]}
  style={
    {
      "flex": 1,
      "flexDirection": "column",
    }
  }
>
  <KeyboardProvider
    enabled={true}
  >
    <View
      flex={1}
      pointerEvents="box-none"
      style={
        {
          "flex": 1,
          "flexDirection": "column",
        }
      }
    >
      <View
        style={
          {
            "flex": 1,
          }
        }
      >
        <View
          onLayout={[Function]}
          overflowHidden={true}
          style={
            {
              "flex": undefined,
              "flexDirection": "column",
              "overflow": "hidden",
            }
          }
        >
          <View
            style={
              {
                "flex": 1,
                "overflow": "hidden",
              }
            }
          >
            <RCTScrollView
              ItemSeparatorComponent={[Function]}
              ListEmptyComponent={[Function]}
              applyWindowCorrection={[Function]}
              canChangeSize={true}
              contentContainerStyle={
                {
                  "backgroundColor": undefined,
                  "minHeight": 1,
                  "minWidth": 1,
                  "paddingLeft": 0,
                  "paddingRight": 0,
                }
              }
              contentHeight={300}
              contentWidth={400}
              data={
                [
                  {
                    "id": 1,
                    "name": "Item 1",
                  },
                  {
                    "id": 2,
                    "name": "Item 2",
                  },
                  {
                    "id": 3,
                    "name": "Item 3",
                  },
                ]
              }
              dataProvider={
                DataProvider {
                  "_data": [
                    {
                      "id": 1,
                      "name": "Item 1",
                    },
                    {
                      "id": 2,
                      "name": "Item 2",
                    },
                    {
                      "id": 3,
                      "name": "Item 3",
                    },
                  ],
                  "_firstIndexToProcess": 0,
                  "_hasStableIds": false,
                  "_requiresDataChangeHandling": false,
                  "_size": 3,
                  "getStableId": [Function],
                  "rowHasChanged": [Function],
                }
              }
              disableRecycling={false}
              estimatedItemSize={100}
              externalScrollView={[Function]}
              finalRenderAheadOffset={250}
              forceNonDeterministicRendering={true}
              horizontal={false}
              initialOffset={0}
              initialRenderIndex={0}
              isHorizontal={false}
              layoutProvider={
                GridLayoutProviderWithProps {
                  "_acceptableRelayoutDelta": 1,
                  "_getHeightOrWidth": [Function],
                  "_getLayoutTypeForIndex": [Function],
                  "_getSpan": [Function],
                  "_hasExpired": false,
                  "_isHorizontal": false,
                  "_lastLayoutManager": GridLayoutManager {
                    "_acceptableRelayoutDelta": 1,
                    "_getSpan": [Function],
                    "_isGridHorizontal": false,
                    "_isHorizontal": false,
                    "_layoutProvider": [Circular],
                    "_layouts": [
                      {
                        "height": 100,
                        "type": 0,
                        "width": 400,
                        "x": 0,
                        "y": 0,
                      },
                      {
                        "height": 100,
                        "type": 0,
                        "width": 400,
                        "x": 0,
                        "y": 100,
                      },
                      {
                        "height": 100,
                        "type": 0,
                        "width": 400,
                        "x": 0,
                        "y": 200,
                      },
                    ],
                    "_maxSpan": 1,
                    "_renderWindowSize": {
                      "height": 900,
                      "width": 400,
                    },
                    "_totalHeight": 300,
                    "_totalWidth": 400,
                    "_window": {
                      "height": 900,
                      "width": 400,
                    },
                  },
                  "_maxSpan": 1,
                  "_renderWindowSize": {
                    "height": 900,
                    "width": 400,
                  },
                  "_setLayoutForType": [Function],
                  "_tempDim": {
                    "height": 0,
                    "width": 0,
                  },
                  "averageWindow": AverageWindow {
                    "currentAverage": 100,
                    "currentCount": 1,
                    "inputValues": [
                      100,
                      ,
                      ,
                      ,
                      ,
                      ,
                      ,
                      ,
                      ,
                      ,
                      ,
                      ,
                      ,
                      ,
                      ,
                      ,
                      ,
                      ,
                    ],
                    "nextIndex": 1,
                  },
                  "defaultEstimatedItemSize": 100,
                  "layoutObject": {
                    "size": undefined,
                    "span": undefined,
                  },
                  "props": {
                    "ItemSeparatorComponent": [Function],
                    "ListEmptyComponent": [Function],
                    "ListFooterComponent": undefined,
                    "ListHeaderComponent": undefined,
                    "data": [
                      {
                        "id": 1,
                        "name": "Item 1",
                      },
                      {
                        "id": 2,
                        "name": "Item 2",
                      },
                      {
                        "id": 3,
                        "name": "Item 3",
                      },
                    ],
                    "estimatedItemSize": 100,
                    "horizontal": false,
                    "numColumns": 1,
                    "renderItem": undefined,
                    "scrollEnabled": undefined,
                    "separatorHeight": 20,
                    "separatorWidth": 2,
                  },
                  "renderWindowInsets": {
                    "height": 0,
                    "width": 0,
                  },
                  "shouldRefreshWithAnchoring": true,
                }
              }
              maxRenderAhead={750}
              numColumns={1}
              onEndReached={[Function]}
              onEndReachedThreshold={0}
              onEndReachedThresholdRelative={0}
              onItemLayout={[Function]}
              onLayout={[Function]}
              onScroll={[Function]}
              onScrollBeginDrag={[Function]}
              onSizeChanged={[Function]}
              onVisibleIndicesChanged={[Function]}
              removeClippedSubviews={false}
              renderAheadOffset={0}
              renderAheadStep={250}
              renderContentContainer={[Function]}
              renderItemContainer={[Function]}
              rowRenderer={[Function]}
              scrollEventThrottle={16}
              scrollThrottle={16}
              scrollViewProps={
                {
                  "contentContainerStyle": {
                    "backgroundColor": undefined,
                    "minHeight": 1,
                    "minWidth": 1,
                    "paddingLeft": 0,
                    "paddingRight": 0,
                  },
                  "onLayout": [Function],
                  "onScrollBeginDrag": [Function],
                  "refreshControl": undefined,
                  "style": {
                    "minHeight": 1,
                    "minWidth": 1,
                  },
                }
              }
              separatorHeight={20}
              separatorWidth={2}
              style={
                {
                  "minHeight": 1,
                  "minWidth": 1,
                }
              }
              suppressBoundedSizeException={true}
              windowCorrectionConfig={
                {
                  "applyToInitialOffset": true,
                  "applyToItemScroll": true,
                  "value": {
                    "endCorrection": 0,
                    "startCorrection": 0,
                    "windowShift": -0,
                  },
                }
              }
            >
              <View>
                <View
                  style={
                    {
                      "flexDirection": "column",
                    }
                  }
                >
                  <View
                    style={
                      {
                        "paddingLeft": 0,
                        "paddingTop": 0,
                      }
                    }
                  />
                  <View
                    style={
                      [
                        undefined,
                        undefined,
                      ]
                    }
                  />
                  <AutoLayoutView
                    enableInstrumentation={false}
                    horizontal={false}
                    onBlankAreaEvent={[Function]}
                    onLayout={[Function]}
                    renderAheadOffset={0}
                    scrollOffset={0}
                    style={
                      {
                        "height": 300,
                        "width": 400,
                      }
                    }
                    windowSize={900}
                  >
                    <CellContainer
                      index={0}
                      onLayout={[Function]}
                      style={
                        {
                          "alignItems": "stretch",
                          "flexDirection": "column",
                          "left": 0,
                          "position": "absolute",
                          "top": 0,
                          "width": 400,
                        }
                      }
                    >
                      <View
                        style={
                          {
                            "flexDirection": "column",
                          }
                        }
                      />
                      <View
                        style={
                          {
                            "backgroundColor": "rgba(34, 63, 70, 0.15)",
                            "height": 39,
                            "maxHeight": 39,
                            "opacity": 1,
                            "width": "100%",
                          }
                        }
                        variant="neutral-alpha-200"
                      />
                    </CellContainer>
                    <CellContainer
                      index={1}
                      onLayout={[Function]}
                      style={
                        {
                          "alignItems": "stretch",
                          "flexDirection": "column",
                          "left": 0,
                          "position": "absolute",
                          "top": 100,
                          "width": 400,
                        }
                      }
                    >
                      <View
                        style={
                          {
                            "flexDirection": "column",
                          }
                        }
                      />
                      <View
                        style={
                          {
                            "backgroundColor": "rgba(34, 63, 70, 0.15)",
                            "height": 39,
                            "maxHeight": 39,
                            "opacity": 1,
                            "width": "100%",
                          }
                        }
                        variant="neutral-alpha-200"
                      />
                    </CellContainer>
                    <CellContainer
                      index={2}
                      onLayout={[Function]}
                      style={
                        {
                          "alignItems": "stretch",
                          "flexDirection": "column",
                          "left": 0,
                          "position": "absolute",
                          "top": 200,
                          "width": 400,
                        }
                      }
                    >
                      <View
                        style={
                          {
                            "flexDirection": "column",
                          }
                        }
                      />
                    </CellContainer>
                  </AutoLayoutView>
                  <CellContainer
                    index={-1}
                    style={
                      [
                        undefined,
                        undefined,
                      ]
                    }
                  />
                  <View
                    style={
                      {
                        "paddingBottom": 0,
                        "paddingRight": 0,
                      }
                    }
                  />
                </View>
              </View>
            </RCTScrollView>
          </View>
        </View>
        <View
          style={
            {
              "flexShrink": 1,
            }
          }
        />
      </View>
      <View
        onLayout={[Function]}
        pointerEvents="box-none"
        style={
          [
            {
              "alignSelf": "center",
              "elevation": 999999,
              "flex": 0,
              "maxWidth": "100%",
              "position": "absolute",
              "zIndex": 999999,
            },
            {
              "flexDirection": "column-reverse",
              "justifyContent": "flex-start",
              "top": 30,
              "width": 750,
            },
          ]
        }
      >
        <View
          style={
            {
              "bottom": 0,
            }
          }
        >
          <RCTSafeAreaView />
        </View>
      </View>
      <View
        onLayout={[Function]}
        pointerEvents="box-none"
        style={
          [
            {
              "alignSelf": "center",
              "elevation": 999999,
              "flex": 0,
              "maxWidth": "100%",
              "position": "absolute",
              "zIndex": 999999,
            },
            {
              "bottom": 40,
              "flexDirection": "column",
              "justifyContent": "flex-end",
              "width": 750,
            },
          ]
        }
      >
        <View
          style={
            {
              "bottom": 0,
            }
          }
        >
          <RCTSafeAreaView />
        </View>
      </View>
    </View>
  </KeyboardProvider>
</View>
`;
